\BOOKMARK [1][-]{section.1}{\376\377\000A\000b\000s\000t\000r\000a\000c\000t}{}% 1
\BOOKMARK [1][-]{section.2}{\376\377\000S\000t\000r\000u\000c\000t\000u\000r\000a\000l\000\040\000O\000u\000t\000l\000i\000n\000e}{}% 2
\BOOKMARK [2][-]{subsection.2.1}{\376\377\000O\000v\000e\000r\000v\000i\000e\000w}{section.2}% 3
\BOOKMARK [3][-]{subsubsection.2.1.1}{\376\377\000O\000u\000t\000-\000o\000f\000-\000s\000c\000o\000p\000e\000\040\000t\000h\000i\000n\000g\000s}{subsection.2.1}% 4
\BOOKMARK [2][-]{subsection.2.2}{\376\377\000C\000u\000r\000r\000e\000n\000t\000\040\000s\000t\000a\000t\000e\000\040\000o\000f\000\040\000t\000h\000e\000\040\000p\000r\000o\000j\000e\000c\000t}{section.2}% 5
\BOOKMARK [2][-]{subsection.2.3}{\376\377\000F\000r\000o\000m\000\040\000L\000L\000M\000s\000\040\000t\000o\000\040\000s\000u\000p\000e\000r\000i\000n\000t\000e\000l\000l\000i\000g\000e\000n\000c\000e}{section.2}% 6
\BOOKMARK [2][-]{subsection.2.4}{\376\377\000T\000h\000e\000\040\000d\000e\000s\000i\000g\000n\000\040\000s\000p\000a\000c\000e\000\040\000o\000f\000\040\000p\000o\000s\000s\000i\000b\000l\000e\000\040\000m\000i\000n\000d\000s}{section.2}% 7
\BOOKMARK [2][-]{subsection.2.5}{\376\377\000M\000i\000n\000d\000s\000\040\000i\000n\000\040\000s\000o\000c\000i\000e\000t\000i\000e\000s}{section.2}% 8
\BOOKMARK [2][-]{subsection.2.6}{\376\377\000T\000h\000e\000\040\000v\000i\000e\000w\000\040\000f\000r\000o\000m\000\040\000n\000o\000w\000h\000e\000r\000e}{section.2}% 9
\BOOKMARK [3][-]{subsubsection.2.6.1}{\376\377\000D\000e\000-\000c\000e\000n\000t\000r\000i\000n\000g\000\040\000t\000h\000e\000\040\000h\000u\000m\000a\000n\000\040\000s\000u\000b\000j\000e\000c\000t}{subsection.2.6}% 10
\BOOKMARK [3][-]{subsubsection.2.6.2}{\376\377\000S\000h\000a\000r\000i\000n\000g\000\040\000t\000h\000e\000\040\000f\000u\000t\000u\000r\000e\000\040\000w\000i\000t\000h\000\040\000o\000u\000r\000\040\000m\000i\000n\000d\000-\000c\000h\000i\000l\000d\000r\000e\000n}{subsection.2.6}% 11
\BOOKMARK [3][-]{subsubsection.2.6.3}{\376\377\000A\000d\000j\000a\000c\000e\000n\000t\000\040\000p\000e\000r\000s\000p\000e\000c\000t\000i\000v\000e\000s}{subsection.2.6}% 12
\BOOKMARK [2][-]{subsection.2.7}{\376\377\000P\000r\000o\000p\000o\000s\000i\000t\000i\000o\000n\000s\000\040\000u\000p\000o\000n\000\040\000f\000i\000n\000a\000l\000\040\000g\000o\000o\000d\000s}{section.2}% 13
\BOOKMARK [2][-]{subsection.2.8}{\376\377\000A\000n\000\040\000a\000s\000i\000d\000e\000\040\000o\000n\000\040\000p\000a\000r\000t\000i\000a\000l\000i\000t\000y\000\040\000a\000n\000d\000\040\000p\000o\000s\000t\000h\000u\000m\000a\000n\000i\000s\000m}{section.2}% 14
\BOOKMARK [2][-]{subsection.2.9}{\376\377\000S\000i\000m\000u\000l\000a\000t\000i\000o\000n\000\040\000a\000r\000g\000u\000m\000e\000n\000t\000s}{section.2}% 15
\BOOKMARK [2][-]{subsection.2.10}{\376\377\000O\000n\000\040\000p\000r\000a\000c\000t\000i\000c\000e\000\040\000\050\000a\000r\000t\000i\000s\000t\000i\000c\000\040\000a\000n\000d\000\040\000o\000t\000h\000e\000r\000w\000i\000s\000e\000\051}{section.2}% 16
\BOOKMARK [3][-]{subsubsection.2.10.1}{\376\377\000W\000h\000a\000t\000\040\000c\000o\000n\000s\000t\000i\000t\000u\000t\000e\000s\000\040\000`\000p\000r\000a\000c\000t\000i\000c\000e\000'\000?}{subsection.2.10}% 17
\BOOKMARK [3][-]{subsubsection.2.10.2}{\376\377\000M\000o\000d\000e\000l\000s\000\040\000a\000s\000\040\000c\000y\000b\000o\000r\000g\000\040\000r\000e\000s\000e\000a\000r\000c\000h\000\040\000p\000a\000r\000t\000n\000e\000r\000s}{subsection.2.10}% 18
\BOOKMARK [3][-]{subsubsection.2.10.3}{\376\377\000F\000u\000t\000u\000r\000e\000\040\000C\000l\000a\000i\000m\000a\000n\000t\000'\000s\000\040\000R\000e\000p\000r\000e\000s\000e\000n\000t\000a\000t\000i\000v\000e}{subsection.2.10}% 19
\BOOKMARK [3][-]{subsubsection.2.10.4}{\376\377\000T\000h\000e\000\040\000d\000i\000s\000s\000e\000r\000t\000a\000t\000i\000o\000n\000\040\000a\000s\000\040\000c\000r\000e\000a\000t\000i\000v\000e\000\040\000p\000r\000o\000d\000u\000c\000t}{subsection.2.10}% 20
\BOOKMARK [3][-]{subsubsection.2.10.5}{\376\377\000T\000h\000e\000\040\000m\000o\000d\000e\000l\000\040\000a\000s\000\040\000a\000e\000s\000t\000h\000e\000t\000e}{subsection.2.10}% 21
\BOOKMARK [1][-]{section.3}{\376\377\000S\000o\000u\000r\000c\000e\000s}{}% 22
\BOOKMARK [2][-]{subsection.3.1}{\376\377\000A\000r\000t\000i\000s\000t\000s}{section.3}% 23
\BOOKMARK [2][-]{subsection.3.2}{\376\377\000A\000r\000t\000\040\000t\000h\000e\000o\000r\000y}{section.3}% 24
\BOOKMARK [2][-]{subsection.3.3}{\376\377\000P\000h\000i\000l\000o\000s\000o\000p\000h\000y}{section.3}% 25
\BOOKMARK [2][-]{subsection.3.4}{\376\377\000A\000I}{section.3}% 26
